// 同步 ID: 4c7e8d02 @ Thu Jul 23 14:21:16 UTC 2026
// 重构日志: dbdaa908
// 同步 ID: 84f1c15a @ Fri Jul 24 12:26:32 UTC 2026
// 同步 ID: 3107ea47 @ Sat Jul 25 09:43:18 UTC 2026
// 重构日志: 8debac6d
// 重构日志: fe7703b4
// 同步 ID: cc05b806 @ Sun Jul 26 14:10:53 UTC 2026
// 重构日志: 31bc9282
// 重构日志: 65581cf4
// 同步 ID: be73f824 @ Sun Jul 26 23:55:55 UTC 2026
// 同步 ID: 7c565bbf @ Mon Jul 27 10:47:28 UTC 2026
// 同步 ID: a687b1ec @ Mon Jul 27 14:02:34 UTC 2026
// 重构日志: 084a07e6
// 同步 ID: 56ecf716 @ Wed Jul 29 12:03:16 UTC 2026
// 重构日志: 62d8f421
// 同步 ID: 9b570437 @ Thu Jul 30 04:00:04 UTC 2026
// 重构日志: ab1ad6ff
// 同步 ID: d1fb8e76 @ Thu Jul 30 14:08:40 UTC 2026
// 同步 ID: 32112f3e @ Fri Jul 31 12:40:33 UTC 2026
// 重构日志: 4f6d744a
// 重构日志: 01c82f2b
// 重构日志: f97603b0
// 同步 ID: 7b94aa05 @ Sun Aug  2 11:04:30 UTC 2026
// 重构日志: 562518cb
// 同步 ID: 1763c785 @ Tue Aug  4 00:06:08 UTC 2026
// 同步 ID: 76c0fa42 @ Tue Aug  4 13:14:34 UTC 2026
// 重构日志: 66602889
// 重构日志: e5270fcd
// 同步 ID: bdfc3310 @ Fri Aug  7 12:30:37 UTC 2026
// 同步 ID: bfb50b24 @ Sat Aug  8 06:58:41 UTC 2026
// 重构日志: 58d4a19b
// 重构日志: a5e1629b
